// Jest Snapshot v1, https://goo.gl/fbAQLP

exports[`it renders in a browser 1`] = `
<div>
  dark
</div>
`;
